// Jest Snapshot v1, https://goo.gl/fbAQLP

exports[`FindMeGraphQlErrorDisplay with no non-default props renders successfully to match snapshot 1`] = `
<View
  style={
    Object {
      "alignItems": "center",
      "flex": 1,
      "flexDirection": "column",
      "justifyContent": "center",
    }
  }
>
  <Text />
  <Text
    style={
      Array [
        Object {
          "color": "#000",
          "fontFamily": "System",
          "fontSize": 16,
        },
        Object {
          "color": "black",
          "textAlign": "center",
        },
      ]
    }
    uppercase={false}
  >
    Oops, something went wrong!

If this problem persists, please reach out to us by email at hello@purplesquid.scot
  </Text>
</View>
`;
